21:04:42 **** Build of configuration Debug for project AXI_DMA_Accumulator_app ****
make all 
Building file: ../src/AXI_DMA_Accumulator_exe.c
Invoking: ARM v8 gcc compiler
aarch64-none-elf-gcc -Wall -O0 -g3 -c -fmessage-length=0 -MT"src/AXI_DMA_Accumulator_exe.o" -I/home/yuhaoliu/Projects/Verilog/AXI-SimpleDMA-Ultra96V2/src/app/AXI_DMA_Accumulator_Platform/export/AXI_DMA_Accumulator_Platform/sw/AXI_DMA_Accumulator_Platform/standalone_domain/bspinclude/include -MMD -MP -MF"src/AXI_DMA_Accumulator_exe.d" -MT"src/AXI_DMA_Accumulator_exe.o" -o "src/AXI_DMA_Accumulator_exe.o" "../src/AXI_DMA_Accumulator_exe.c"
Finished building: ../src/AXI_DMA_Accumulator_exe.c
 
Building file: ../src/platform.c
Invoking: ARM v8 gcc compiler
aarch64-none-elf-gcc -Wall -O0 -g3 -c -fmessage-length=0 -MT"src/platform.o" -I/home/yuhaoliu/Projects/Verilog/AXI-SimpleDMA-Ultra96V2/src/app/AXI_DMA_Accumulator_Platform/export/AXI_DMA_Accumulator_Platform/sw/AXI_DMA_Accumulator_Platform/standalone_domain/bspinclude/include -MMD -MP -MF"src/platform.d" -MT"src/platform.o" -o "src/platform.o" "../src/platform.c"
Finished building: ../src/platform.c
 
Building target: AXI_DMA_Accumulator_app.elf
Invoking: ARM v8 gcc linker
aarch64-none-elf-gcc -Wl,-T -Wl,../src/lscript.ld -L/home/yuhaoliu/Projects/Verilog/AXI-SimpleDMA-Ultra96V2/src/app/AXI_DMA_Accumulator_Platform/export/AXI_DMA_Accumulator_Platform/sw/AXI_DMA_Accumulator_Platform/standalone_domain/bsplib/lib -o "AXI_DMA_Accumulator_app.elf"  ./src/AXI_DMA_Accumulator_exe.o ./src/platform.o   -Wl,--start-group,-lxil,-lgcc,-lc,--end-group
Finished building target: AXI_DMA_Accumulator_app.elf
 
Invoking: ARM v8 Print Size
aarch64-none-elf-size AXI_DMA_Accumulator_app.elf  |tee "AXI_DMA_Accumulator_app.elf.size"
   text	   data	    bss	    dec	    hex	filename
  30212	   2048	  20676	  52936	   cec8	AXI_DMA_Accumulator_app.elf
Finished building: AXI_DMA_Accumulator_app.elf.size
 

21:04:43 Build Finished (took 836ms)

