16:32:59 **** Incremental Build of configuration Debug for project AXI_SimpleDMA_Accumulator_app ****
make all 
Building file: ../src/AXI_DMA_Accumulator_exe.c
Invoking: ARM v8 gcc compiler
aarch64-none-elf-gcc -Wall -O0 -g3 -c -fmessage-length=0 -MT"src/AXI_DMA_Accumulator_exe.o" -I/home/yuhaoliu/Projects/Verilog/AXI-SimpleDMA-Ultra96V2/src/app/AXI_SimpleDMA_Accumulator_Platform/export/AXI_SimpleDMA_Accumulator_Platform/sw/AXI_SimpleDMA_Accumulator_Platform/standalone_domain/bspinclude/include -MMD -MP -MF"src/AXI_DMA_Accumulator_exe.d" -MT"src/AXI_DMA_Accumulator_exe.o" -o "src/AXI_DMA_Accumulator_exe.o" "../src/AXI_DMA_Accumulator_exe.c"
Finished building: ../src/AXI_DMA_Accumulator_exe.c
 
Building target: AXI_SimpleDMA_Accumulator_app.elf
Invoking: ARM v8 gcc linker
aarch64-none-elf-gcc -Wl,-T -Wl,../src/lscript.ld -L/home/yuhaoliu/Projects/Verilog/AXI-SimpleDMA-Ultra96V2/src/app/AXI_SimpleDMA_Accumulator_Platform/export/AXI_SimpleDMA_Accumulator_Platform/sw/AXI_SimpleDMA_Accumulator_Platform/standalone_domain/bsplib/lib -o "AXI_SimpleDMA_Accumulator_app.elf"  ./src/AXI_DMA_Accumulator_exe.o ./src/platform.o   -Wl,--start-group,-lxil,-lgcc,-lc,--end-group
Finished building target: AXI_SimpleDMA_Accumulator_app.elf
 
Invoking: ARM v8 Print Size
aarch64-none-elf-size AXI_SimpleDMA_Accumulator_app.elf  |tee "AXI_SimpleDMA_Accumulator_app.elf.size"
   text	   data	    bss	    dec	    hex	filename
  46540	   4424	  20828	  71792	  11870	AXI_SimpleDMA_Accumulator_app.elf
Finished building: AXI_SimpleDMA_Accumulator_app.elf.size
 

16:33:00 Build Finished (took 785ms)

