Nothing to build in platform 'AXI_SimpleDMA_Accumulator_Platform'

18:58:28 **** Incremental Build of configuration Debug for project AXI_SimpleDMA_Accumulator_app ****
make all 
Building file: ../src/AXI_SimpleDMA_Accumulator_exe.c
Invoking: ARM v8 gcc compiler
aarch64-none-elf-gcc -Wall -O0 -g3 -c -fmessage-length=0 -MT"src/AXI_SimpleDMA_Accumulator_exe.o" -I/home/yuhaoliu/Projects/Verilog/AXI-SimpleDMA-Ultra96V2/src/app/AXI_SimpleDMA_Accumulator_Platform/export/AXI_SimpleDMA_Accumulator_Platform/sw/AXI_SimpleDMA_Accumulator_Platform/standalone_domain/bspinclude/include -MMD -MP -MF"src/AXI_SimpleDMA_Accumulator_exe.d" -MT"src/AXI_SimpleDMA_Accumulator_exe.o" -o "src/AXI_SimpleDMA_Accumulator_exe.o" "../src/AXI_SimpleDMA_Accumulator_exe.c"
Finished building: ../src/AXI_SimpleDMA_Accumulator_exe.c
 
Building target: AXI_SimpleDMA_Accumulator_app.elf
Invoking: ARM v8 gcc linker
aarch64-none-elf-gcc -Wl,-T -Wl,../src/lscript.ld -L/home/yuhaoliu/Projects/Verilog/AXI-SimpleDMA-Ultra96V2/src/app/AXI_SimpleDMA_Accumulator_Platform/export/AXI_SimpleDMA_Accumulator_Platform/sw/AXI_SimpleDMA_Accumulator_Platform/standalone_domain/bsplib/lib -o "AXI_SimpleDMA_Accumulator_app.elf"  ./src/AXI_SimpleDMA_Accumulator_exe.o ./src/platform.o   -Wl,--start-group,-lxil,-lgcc,-lc,--end-group
Finished building target: AXI_SimpleDMA_Accumulator_app.elf
 
Invoking: ARM v8 Print Size
aarch64-none-elf-size AXI_SimpleDMA_Accumulator_app.elf  |tee "AXI_SimpleDMA_Accumulator_app.elf.size"
   text	   data	    bss	    dec	    hex	filename
  45812	   4352	  20796	  70960	  11530	AXI_SimpleDMA_Accumulator_app.elf
Finished building: AXI_SimpleDMA_Accumulator_app.elf.size
 
18:58:32 **** Incremental Build of configuration Debug for project AXI_SimpleDMA_Accumulator_app_system ****
make all 
Generating bif file for the system project
Executing command '::scw::generate_bif -xpfm /home/yuhaoliu/Projects/Verilog/AXI-SimpleDMA-Ultra96V2/src/app/AXI_SimpleDMA_Accumulator_Platform/export/AXI_SimpleDMA_Accumulator_Platform/AXI_SimpleDMA_Accumulator_Platform.xpfm -domains standalone_domain -bifpath /home/yuhaoliu/Projects/Verilog/AXI-SimpleDMA-Ultra96V2/src/app/AXI_SimpleDMA_Accumulator_app_system/Debug/system.bif' on XSCT
sdcard_gen --xpfm /home/yuhaoliu/Projects/Verilog/AXI-SimpleDMA-Ultra96V2/src/app/AXI_SimpleDMA_Accumulator_Platform/export/AXI_SimpleDMA_Accumulator_Platform/AXI_SimpleDMA_Accumulator_Platform.xpfm --sys_config AXI_SimpleDMA_Accumulator_Platform --bif /home/yuhaoliu/Projects/Verilog/AXI-SimpleDMA-Ultra96V2/src/app/AXI_SimpleDMA_Accumulator_app_system/Debug/system.bif --bitstream /home/yuhaoliu/Projects/Verilog/AXI-SimpleDMA-Ultra96V2/src/app/AXI_SimpleDMA_Accumulator_app/_ide/bitstream/Accumulator_bd_wrapper.bit --elf /home/yuhaoliu/Projects/Verilog/AXI-SimpleDMA-Ultra96V2/src/app/AXI_SimpleDMA_Accumulator_app/Debug/AXI_SimpleDMA_Accumulator_app.elf,psu_cortexa53_0
creating BOOT.BIN using /home/yuhaoliu/Projects/Verilog/AXI-SimpleDMA-Ultra96V2/src/app/AXI_SimpleDMA_Accumulator_app/_ide/bitstream/Accumulator_bd_wrapper.bit
Running /home/yuhaoliu/Tools/Hardware/Xilinx/Vitis/2020.2/bin/bootgen -arch zynqmp -image /home/yuhaoliu/Projects/Verilog/AXI-SimpleDMA-Ultra96V2/src/app/AXI_SimpleDMA_Accumulator_app_system/Debug/sd_card_temp/boot.bif -w -o i BOOT.BIN
